../Core/Src/main.c:78:9:ReadRTCRegister	40	static
../Core/Src/main.c:92:6:ReadRTC	32	static
../Core/Src/main.c:107:6:ConfigureTIM1ForPWM	40	static
../Core/Src/main.c:133:6:CheckAndTriggerTimer	24	static
../Core/Src/main.c:184:6:PowerUp	24	static
../Core/Src/main.c:218:6:HandleButtonPress	8	static
../Core/Src/main.c:272:6:WriteRTCRegister	32	static
../Core/Src/main.c:278:6:SetRTCDateTime	32	static
../Core/Src/main.c:305:5:main	8	static
../Core/Src/main.c:354:6:SystemClock_Config	88	static
../Core/Src/main.c:401:13:MX_I2C1_Init	8	static
../Core/Src/main.c:435:13:MX_TIM1_Init	80	static
../Core/Src/main.c:500:13:MX_USART2_UART_Init	8	static
../Core/Src/main.c:533:13:MX_GPIO_Init	48	static
../Core/Src/main.c:569:6:Error_Handler	4	static,ignoring_inline_asm
